#-----------------------------------------------------------
# Vivado v2023.1 (64-bit)
# SW Build 3865809 on Sun May  7 15:05:29 MDT 2023
# IP Build 3864474 on Sun May  7 20:36:21 MDT 2023
# SharedData Build 3865790 on Sun May 07 13:33:03 MDT 2023
# Start of session at: Tue Oct 31 18:49:54 2023
# Process ID: 5712
# Current directory: C:/Users/Francisco/OneDrive/rea de Trabalho/IST-PSD/Lab3
# Command line: vivado.exe -gui_launcher_event rodinguilauncherevent13772 C:\Users\Francisco\OneDrive\rea de Trabalho\IST-PSD\Lab3\project_1.xpr
# Log file: C:/Users/Francisco/OneDrive/rea de Trabalho/IST-PSD/Lab3/vivado.log
# Journal file: C:/Users/Francisco/OneDrive/rea de Trabalho/IST-PSD/Lab3\vivado.jou
# Running On: DESKTOP-NOHGJAN, OS: Windows, CPU Frequency: 2592 MHz, CPU Physical cores: 6, Host memory: 12728 MB
#-----------------------------------------------------------
start_gui
open_project {C:/Users/Francisco/OneDrive/rea de Trabalho/IST-PSD/Lab3/project_1.xpr}
update_compile_order -fileset sources_1
add_files -fileset constrs_1 -norecurse C:/Users/Francisco/Downloads/P3_baseline/nn_rd_mems.xpr/nn_rd_mems/nn_rd_mems.srcs/constrs_1/imports/P3/Basys3_Master.xdc
import_files -fileset constrs_1 C:/Users/Francisco/Downloads/P3_baseline/nn_rd_mems.xpr/nn_rd_mems/nn_rd_mems.srcs/constrs_1/imports/P3/Basys3_Master.xdc
export_ip_user_files -of_objects  [get_files {{C:/Users/Francisco/OneDrive/rea de Trabalho/IST-PSD/Lab3/project_1.srcs/constrs_1/imports/Lab2/Basys3_Master.xdc}}] -no_script -reset -force -quiet
remove_files  -fileset constrs_1 {{C:/Users/Francisco/OneDrive/rea de Trabalho/IST-PSD/Lab3/project_1.srcs/constrs_1/imports/Lab2/Basys3_Master.xdc}}
export_ip_user_files -of_objects  [get_files {{C:/Users/Francisco/OneDrive/rea de Trabalho/IST-PSD/Lab3/project_1.srcs/sources_1/imports/Lab3/debouncer.vhd}}] -no_script -reset -force -quiet
export_ip_user_files -of_objects  [get_files {{C:/Users/Francisco/OneDrive/rea de Trabalho/IST-PSD/Lab3/project_1.srcs/sources_1/imports/Lab3/disp7.vhd}}] -no_script -reset -force -quiet
export_ip_user_files -of_objects  [get_files {{C:/Users/Francisco/OneDrive/rea de Trabalho/IST-PSD/Lab3/project_1.srcs/sources_1/imports/Lab3/fpga_basicIO.vhd}}] -no_script -reset -force -quiet
remove_files  {{C:/Users/Francisco/OneDrive/rea de Trabalho/IST-PSD/Lab3/project_1.srcs/sources_1/imports/Lab3/debouncer.vhd} {C:/Users/Francisco/OneDrive/rea de Trabalho/IST-PSD/Lab3/project_1.srcs/sources_1/imports/Lab3/disp7.vhd} {C:/Users/Francisco/OneDrive/rea de Trabalho/IST-PSD/Lab3/project_1.srcs/sources_1/imports/Lab3/fpga_basicIO.vhd}}
file delete -force {C:/Users/Francisco/OneDrive/rea de Trabalho/IST-PSD/Lab3/project_1.srcs/sources_1/imports/Lab3/debouncer.vhd} {C:/Users/Francisco/OneDrive/rea de Trabalho/IST-PSD/Lab3/project_1.srcs/sources_1/imports/Lab3/disp7.vhd} {C:/Users/Francisco/OneDrive/rea de Trabalho/IST-PSD/Lab3/project_1.srcs/sources_1/imports/Lab3/fpga_basicIO.vhd}
import_files -norecurse {C:/Users/Francisco/Downloads/P3_baseline/nn_rd_mems.xpr/nn_rd_mems/nn_rd_mems.srcs/sources_1/imports/P3/debouncer.vhd C:/Users/Francisco/Downloads/P3_baseline/nn_rd_mems.xpr/nn_rd_mems/nn_rd_mems.srcs/sources_1/imports/P3/disp7m.vhd C:/Users/Francisco/Downloads/P3_baseline/nn_rd_mems.xpr/nn_rd_mems/nn_rd_mems.srcs/sources_1/imports/P3/fpga_basicIO_mems.vhd}
update_compile_order -fileset sources_1
update_compile_order -fileset sources_1
reset_run synth_1
launch_runs impl_1 -jobs 3
wait_on_run impl_1
launch_runs impl_1 -to_step write_bitstream -jobs 3
wait_on_run impl_1
open_hw_manager
connect_hw_server -allow_non_jtag
open_hw_target
set_property PROGRAM.FILE {C:/Users/Francisco/OneDrive/rea de Trabalho/IST-PSD/Lab3/project_1.runs/impl_1/fpga_basicIO_mems.bit} [get_hw_devices xc7a35t_0]
current_hw_device [get_hw_devices xc7a35t_0]
refresh_hw_device -update_hw_probes false [lindex [get_hw_devices xc7a35t_0] 0]
set_property PROBES.FILE {} [get_hw_devices xc7a35t_0]
set_property FULL_PROBES.FILE {} [get_hw_devices xc7a35t_0]
set_property PROGRAM.FILE {C:/Users/Francisco/OneDrive/rea de Trabalho/IST-PSD/Lab3/project_1.runs/impl_1/fpga_basicIO_mems.bit} [get_hw_devices xc7a35t_0]
program_hw_devices [get_hw_devices xc7a35t_0]
refresh_hw_device [lindex [get_hw_devices xc7a35t_0] 0]
reset_run impl_1
launch_runs impl_1 -jobs 3
wait_on_run impl_1
launch_runs impl_1 -to_step write_bitstream -jobs 3
wait_on_run impl_1
set_property PROBES.FILE {} [get_hw_devices xc7a35t_0]
set_property FULL_PROBES.FILE {} [get_hw_devices xc7a35t_0]
set_property PROGRAM.FILE {C:/Users/Francisco/OneDrive/rea de Trabalho/IST-PSD/Lab3/project_1.runs/impl_1/fpga_basicIO_mems.bit} [get_hw_devices xc7a35t_0]
program_hw_devices [get_hw_devices xc7a35t_0]
refresh_hw_device [lindex [get_hw_devices xc7a35t_0] 0]
reset_run synth_1
launch_runs synth_1 -jobs 3
wait_on_run synth_1
launch_runs impl_1 -jobs 3
wait_on_run impl_1
launch_runs impl_1 -to_step write_bitstream -jobs 3
wait_on_run impl_1
set_property PROBES.FILE {} [get_hw_devices xc7a35t_0]
set_property FULL_PROBES.FILE {} [get_hw_devices xc7a35t_0]
set_property PROGRAM.FILE {C:/Users/Francisco/OneDrive/rea de Trabalho/IST-PSD/Lab3/project_1.runs/impl_1/fpga_basicIO_mems.bit} [get_hw_devices xc7a35t_0]
program_hw_devices [get_hw_devices xc7a35t_0]
refresh_hw_device [lindex [get_hw_devices xc7a35t_0] 0]
open_run impl_1
report_timing_summary -delay_type min_max -report_unconstrained -check_timing_verbose -max_paths 10 -input_pins -routable_nets -name timing_1
